[0.041s][info][gc] Using G1
[0.049s][info][gc,init] Version: 17.0.5+8 (release)
[0.049s][info][gc,init] CPUs: 8 total, 8 available
[0.049s][info][gc,init] Memory: 16190M
[0.049s][info][gc,init] Large Page Support: Disabled
[0.049s][info][gc,init] NUMA Support: Disabled
[0.049s][info][gc,init] Compressed Oops: Enabled (32-bit)
[0.049s][info][gc,init] Heap Region Size: 1M
[0.049s][info][gc,init] Heap Min Capacity: 512M
[0.050s][info][gc,init] Heap Initial Capacity: 512M
[0.050s][info][gc,init] Heap Max Capacity: 1G
[0.050s][info][gc,init] Pre-touch: Disabled
[0.050s][info][gc,init] Parallel Workers: 8
[0.050s][info][gc,init] Concurrent Workers: 2
[0.050s][info][gc,init] Concurrent Refinement Workers: 8
[0.050s][info][gc,init] Periodic GC: Disabled
[0.051s][info][gc,metaspace] CDS archive(s) not mapped
[0.051s][info][gc,metaspace] Compressed class space mapped at: 0x0000000100000000-0x0000000140000000, reserved size: 1073741824
[0.051s][info][gc,metaspace] Narrow klass base: 0x0000000000000000, Narrow klass shift: 3, Narrow klass range: 0x140000000
[0.199s][info][gc,start    ] GC(0) Pause Young (Concurrent Start) (G1 Humongous Allocation)
[0.200s][info][gc,task     ] GC(0) Using 8 workers of 8 for evacuation
[0.202s][info][gc,phases   ] GC(0)   Pre Evacuate Collection Set: 0.1ms
[0.202s][info][gc,phases   ] GC(0)   Merge Heap Roots: 0.1ms
[0.202s][info][gc,phases   ] GC(0)   Evacuate Collection Set: 0.7ms
[0.202s][info][gc,phases   ] GC(0)   Post Evacuate Collection Set: 0.3ms
[0.202s][info][gc,phases   ] GC(0)   Other: 1.9ms
[0.202s][info][gc,heap     ] GC(0) Eden regions: 2->0(24)
[0.202s][info][gc,heap     ] GC(0) Survivor regions: 0->1(4)
[0.202s][info][gc,heap     ] GC(0) Old regions: 0->0
[0.202s][info][gc,heap     ] GC(0) Archive regions: 0->0
[0.202s][info][gc,heap     ] GC(0) Humongous regions: 0->0
[0.202s][info][gc,metaspace] GC(0) Metaspace: 3824K(3968K)->3824K(3968K) NonClass: 3514K(3584K)->3514K(3584K) Class: 310K(384K)->310K(384K)
[0.203s][info][gc          ] GC(0) Pause Young (Concurrent Start) (G1 Humongous Allocation) 1M->0M(512M) 3.730ms
[0.203s][info][gc,cpu      ] GC(0) User=0.00s Sys=0.02s Real=0.00s
[0.203s][info][gc          ] GC(1) Concurrent Undo Cycle
[0.203s][info][gc,marking  ] GC(1) Concurrent Cleanup for Next Mark
[0.208s][info][gc,marking  ] GC(1) Concurrent Cleanup for Next Mark 4.839ms
[0.208s][info][gc          ] GC(1) Concurrent Undo Cycle 5.149ms
[0.525s][info][gc,heap,exit] Heap
[0.525s][info][gc,heap,exit]  garbage-first heap   total 524288K, used 392784K [0x00000000c0000000, 0x0000000100000000)
[0.525s][info][gc,heap,exit]   region size 1024K, 2 young (2048K), 1 survivors (1024K)
[0.525s][info][gc,heap,exit]  Metaspace       used 3832K, committed 3968K, reserved 1056768K
[0.525s][info][gc,heap,exit]   class space    used 311K, committed 384K, reserved 1048576K
