[0.041s][info][gc] Using Serial
[0.043s][info][gc,init] Version: 17.0.5+8 (release)
[0.043s][info][gc,init] CPUs: 8 total, 8 available
[0.043s][info][gc,init] Memory: 16190M
[0.043s][info][gc,init] Large Page Support: Disabled
[0.043s][info][gc,init] NUMA Support: Disabled
[0.044s][info][gc,init] Compressed Oops: Enabled (Zero based)
[0.044s][info][gc,init] Heap Min Capacity: 8M
[0.044s][info][gc,init] Heap Initial Capacity: 254M
[0.044s][info][gc,init] Heap Max Capacity: 4048M
[0.044s][info][gc,init] Pre-touch: Disabled
[0.044s][info][gc,metaspace] CDS archive(s) not mapped
[0.044s][info][gc,metaspace] Compressed class space mapped at: 0x0000000800000000-0x0000000840000000, reserved size: 1073741824
[0.044s][info][gc,metaspace] Narrow klass base: 0x0000000800000000, Narrow klass shift: 0, Narrow klass range: 0x40000000
[0.202s][info][gc,start    ] GC(0) Pause Young (Allocation Failure)
[0.204s][info][gc          ] GC(0) Pause Young (Allocation Failure) 4M->0M(245M) 1.973ms
[0.204s][info][gc,cpu      ] GC(0) User=0.00s Sys=0.00s Real=0.00s
[0.204s][info][gc,start    ] GC(1) Pause Full (Allocation Failure)
[0.205s][info][gc,phases,start] GC(1) Phase 1: Mark live objects
[0.206s][info][gc,phases      ] GC(1) Phase 1: Mark live objects 1.515ms
[0.206s][info][gc,phases,start] GC(1) Phase 2: Compute new object addresses
[0.207s][info][gc,phases      ] GC(1) Phase 2: Compute new object addresses 0.326ms
[0.207s][info][gc,phases,start] GC(1) Phase 3: Adjust pointers
[0.208s][info][gc,phases      ] GC(1) Phase 3: Adjust pointers 0.863ms
[0.208s][info][gc,phases,start] GC(1) Phase 4: Move objects
[0.208s][info][gc,phases      ] GC(1) Phase 4: Move objects 0.514ms
[0.209s][info][gc,heap        ] GC(1) DefNew: 4162K(78016K)->0K(78144K) Eden: 4162K(69376K)->0K(69504K) From: 0K(8640K)->0K(8640K)
[0.209s][info][gc,heap        ] GC(1) Tenured: 0K(173440K)->498K(173440K)
[0.209s][info][gc,metaspace   ] GC(1) Metaspace: 3824K(3968K)->3824K(3968K) NonClass: 3514K(3584K)->3514K(3584K) Class: 310K(384K)->310K(384K)
[0.209s][info][gc             ] GC(1) Pause Full (Allocation Failure) 0M->0M(245M) 4.704ms
[0.209s][info][gc,cpu         ] GC(1) User=0.00s Sys=0.00s Real=0.01s
[0.558s][info][gc,heap,exit   ] Heap
[0.558s][info][gc,heap,exit   ]  def new generation   total 78144K, used 3475K [0x0000000703000000, 0x00000007084c0000, 0x0000000757550000)
[0.558s][info][gc,heap,exit   ]   eden space 69504K,   5% used [0x0000000703000000, 0x0000000703364e78, 0x00000007073e0000)
[0.558s][info][gc,heap,exit   ]   from space 8640K,   0% used [0x00000007073e0000, 0x00000007073e0000, 0x0000000707c50000)
[0.559s][info][gc,heap,exit   ]   to   space 8640K,   0% used [0x0000000707c50000, 0x0000000707c50000, 0x00000007084c0000)
[0.559s][info][gc,heap,exit   ]  tenured generation   total 564068K, used 391123K [0x0000000757550000, 0x0000000779c29000, 0x0000000800000000)
[0.559s][info][gc,heap,exit   ]    the space 564068K,  69% used [0x0000000757550000, 0x000000076f344c18, 0x000000076f344e00, 0x0000000779c29000)
[0.559s][info][gc,heap,exit   ]  Metaspace       used 3830K, committed 3968K, reserved 1056768K
[0.559s][info][gc,heap,exit   ]   class space    used 311K, committed 384K, reserved 1048576K
