[0.048s][info][gc] Using G1
[0.051s][info][gc,init] Version: 17.0.5+8 (release)
[0.051s][info][gc,init] CPUs: 8 total, 8 available
[0.051s][info][gc,init] Memory: 16190M
[0.051s][info][gc,init] Large Page Support: Disabled
[0.051s][info][gc,init] NUMA Support: Disabled
[0.051s][info][gc,init] Compressed Oops: Enabled (Zero based)
[0.051s][info][gc,init] Heap Region Size: 2M
[0.052s][info][gc,init] Heap Min Capacity: 8M
[0.052s][info][gc,init] Heap Initial Capacity: 254M
[0.052s][info][gc,init] Heap Max Capacity: 4048M
[0.052s][info][gc,init] Pre-touch: Disabled
[0.052s][info][gc,init] Parallel Workers: 8
[0.052s][info][gc,init] Concurrent Workers: 2
[0.052s][info][gc,init] Concurrent Refinement Workers: 8
[0.052s][info][gc,init] Periodic GC: Disabled
[0.052s][info][gc,metaspace] CDS archive(s) not mapped
[0.053s][info][gc,metaspace] Compressed class space mapped at: 0x0000000800000000-0x0000000840000000, reserved size: 1073741824
[0.053s][info][gc,metaspace] Narrow klass base: 0x0000000800000000, Narrow klass shift: 0, Narrow klass range: 0x40000000
[0.263s][info][gc,start    ] GC(0) Pause Young (Concurrent Start) (G1 Humongous Allocation)
[0.264s][info][gc,task     ] GC(0) Using 6 workers of 8 for evacuation
[0.266s][info][gc,phases   ] GC(0)   Pre Evacuate Collection Set: 0.1ms
[0.266s][info][gc,phases   ] GC(0)   Merge Heap Roots: 0.1ms
[0.266s][info][gc,phases   ] GC(0)   Evacuate Collection Set: 0.7ms
[0.266s][info][gc,phases   ] GC(0)   Post Evacuate Collection Set: 0.2ms
[0.266s][info][gc,phases   ] GC(0)   Other: 1.6ms
[0.266s][info][gc,heap     ] GC(0) Eden regions: 1->0(11)
[0.266s][info][gc,heap     ] GC(0) Survivor regions: 0->1(2)
[0.266s][info][gc,heap     ] GC(0) Old regions: 0->0
[0.266s][info][gc,heap     ] GC(0) Archive regions: 0->0
[0.266s][info][gc,heap     ] GC(0) Humongous regions: 0->0
[0.266s][info][gc,metaspace] GC(0) Metaspace: 3825K(3968K)->3825K(3968K) NonClass: 3515K(3584K)->3515K(3584K) Class: 310K(384K)->310K(384K)
[0.266s][info][gc          ] GC(0) Pause Young (Concurrent Start) (G1 Humongous Allocation) 1M->0M(254M) 3.191ms
[0.266s][info][gc,cpu      ] GC(0) User=0.02s Sys=0.00s Real=0.00s
[0.266s][info][gc          ] GC(1) Concurrent Undo Cycle
[0.267s][info][gc,marking  ] GC(1) Concurrent Cleanup for Next Mark
[0.269s][info][gc,marking  ] GC(1) Concurrent Cleanup for Next Mark 2.615ms
[0.269s][info][gc          ] GC(1) Concurrent Undo Cycle 2.817ms
[0.610s][info][gc,heap,exit] Heap
[0.610s][info][gc,heap,exit]  garbage-first heap   total 649216K, used 392924K [0x0000000703000000, 0x0000000800000000)
[0.610s][info][gc,heap,exit]   region size 2048K, 2 young (4096K), 1 survivors (2048K)
[0.610s][info][gc,heap,exit]  Metaspace       used 3835K, committed 4032K, reserved 1056768K
[0.611s][info][gc,heap,exit]   class space    used 311K, committed 384K, reserved 1048576K
