[0.035s][info][gc] Using G1
[0.039s][info][gc,init] Version: 17.0.5+8 (release)
[0.039s][info][gc,init] CPUs: 8 total, 8 available
[0.039s][info][gc,init] Memory: 16190M
[0.039s][info][gc,init] Large Page Support: Disabled
[0.039s][info][gc,init] NUMA Support: Disabled
[0.039s][info][gc,init] Compressed Oops: Enabled (Zero based)
[0.039s][info][gc,init] Heap Region Size: 2M
[0.039s][info][gc,init] Heap Min Capacity: 8M
[0.039s][info][gc,init] Heap Initial Capacity: 254M
[0.040s][info][gc,init] Heap Max Capacity: 4048M
[0.040s][info][gc,init] Pre-touch: Disabled
[0.042s][info][gc,init] Parallel Workers: 8
[0.042s][info][gc,init] Concurrent Workers: 2
[0.042s][info][gc,init] Concurrent Refinement Workers: 8
[0.042s][info][gc,init] Periodic GC: Disabled
[0.043s][info][gc,metaspace] CDS archive(s) not mapped
[0.043s][info][gc,metaspace] Compressed class space mapped at: 0x0000000800000000-0x0000000840000000, reserved size: 1073741824
[0.043s][info][gc,metaspace] Narrow klass base: 0x0000000800000000, Narrow klass shift: 0, Narrow klass range: 0x40000000
[0.232s][info][gc,start    ] GC(0) Pause Young (Concurrent Start) (G1 Humongous Allocation)
[0.233s][info][gc,task     ] GC(0) Using 6 workers of 8 for evacuation
[0.240s][info][gc,phases   ] GC(0)   Pre Evacuate Collection Set: 0.1ms
[0.240s][info][gc,phases   ] GC(0)   Merge Heap Roots: 0.2ms
[0.240s][info][gc,phases   ] GC(0)   Evacuate Collection Set: 5.6ms
[0.240s][info][gc,phases   ] GC(0)   Post Evacuate Collection Set: 0.3ms
[0.240s][info][gc,phases   ] GC(0)   Other: 1.7ms
[0.240s][info][gc,heap     ] GC(0) Eden regions: 1->0(11)
[0.240s][info][gc,heap     ] GC(0) Survivor regions: 0->1(2)
[0.240s][info][gc,heap     ] GC(0) Old regions: 0->0
[0.240s][info][gc,heap     ] GC(0) Archive regions: 0->0
[0.240s][info][gc,heap     ] GC(0) Humongous regions: 0->0
[0.240s][info][gc,metaspace] GC(0) Metaspace: 3823K(3968K)->3823K(3968K) NonClass: 3512K(3584K)->3512K(3584K) Class: 310K(384K)->310K(384K)
[0.240s][info][gc          ] GC(0) Pause Young (Concurrent Start) (G1 Humongous Allocation) 1M->0M(254M) 8.454ms
[0.240s][info][gc,cpu      ] GC(0) User=0.00s Sys=0.03s Real=0.01s
[0.240s][info][gc          ] GC(1) Concurrent Undo Cycle
[0.240s][info][gc,marking  ] GC(1) Concurrent Cleanup for Next Mark
[0.243s][info][gc,marking  ] GC(1) Concurrent Cleanup for Next Mark 2.649ms
[0.243s][info][gc          ] GC(1) Concurrent Undo Cycle 2.865ms
[0.609s][info][gc,heap,exit] Heap
[0.609s][info][gc,heap,exit]  garbage-first heap   total 649216K, used 392838K [0x0000000703000000, 0x0000000800000000)
[0.609s][info][gc,heap,exit]   region size 2048K, 2 young (4096K), 1 survivors (2048K)
[0.609s][info][gc,heap,exit]  Metaspace       used 3833K, committed 3968K, reserved 1056768K
[0.609s][info][gc,heap,exit]   class space    used 311K, committed 384K, reserved 1048576K
