[0.036s][info][gc] Using G1
[0.042s][info][gc,init] Version: 17.0.5+8 (release)
[0.042s][info][gc,init] CPUs: 8 total, 8 available
[0.042s][info][gc,init] Memory: 16190M
[0.042s][info][gc,init] Large Page Support: Disabled
[0.042s][info][gc,init] NUMA Support: Disabled
[0.043s][info][gc,init] Compressed Oops: Enabled (32-bit)
[0.043s][info][gc,init] Heap Region Size: 1M
[0.043s][info][gc,init] Heap Min Capacity: 256M
[0.043s][info][gc,init] Heap Initial Capacity: 256M
[0.043s][info][gc,init] Heap Max Capacity: 256M
[0.043s][info][gc,init] Pre-touch: Disabled
[0.045s][info][gc,init] Parallel Workers: 8
[0.045s][info][gc,init] Concurrent Workers: 2
[0.045s][info][gc,init] Concurrent Refinement Workers: 8
[0.045s][info][gc,init] Periodic GC: Disabled
[0.045s][info][gc,metaspace] CDS archive(s) not mapped
[0.045s][info][gc,metaspace] Compressed class space mapped at: 0x0000000100000000-0x0000000140000000, reserved size: 1073741824
[0.045s][info][gc,metaspace] Narrow klass base: 0x0000000000000000, Narrow klass shift: 3, Narrow klass range: 0x140000000
[0.205s][info][gc,start    ] GC(0) Pause Young (Concurrent Start) (G1 Humongous Allocation)
[0.206s][info][gc,task     ] GC(0) Using 6 workers of 8 for evacuation
[0.208s][info][gc,phases   ] GC(0)   Pre Evacuate Collection Set: 0.1ms
[0.208s][info][gc,phases   ] GC(0)   Merge Heap Roots: 0.0ms
[0.208s][info][gc,phases   ] GC(0)   Evacuate Collection Set: 0.7ms
[0.208s][info][gc,phases   ] GC(0)   Post Evacuate Collection Set: 0.3ms
[0.208s][info][gc,phases   ] GC(0)   Other: 1.4ms
[0.208s][info][gc,heap     ] GC(0) Eden regions: 2->0(18)
[0.208s][info][gc,heap     ] GC(0) Survivor regions: 0->1(3)
[0.208s][info][gc,heap     ] GC(0) Old regions: 0->0
[0.208s][info][gc,heap     ] GC(0) Archive regions: 0->0
[0.208s][info][gc,heap     ] GC(0) Humongous regions: 0->0
[0.208s][info][gc,metaspace] GC(0) Metaspace: 3823K(3968K)->3823K(3968K) NonClass: 3513K(3584K)->3513K(3584K) Class: 310K(384K)->310K(384K)
[0.208s][info][gc          ] GC(0) Pause Young (Concurrent Start) (G1 Humongous Allocation) 1M->0M(256M) 2.952ms
[0.208s][info][gc,cpu      ] GC(0) User=0.00s Sys=0.00s Real=0.00s
[0.208s][info][gc          ] GC(1) Concurrent Undo Cycle
[0.208s][info][gc,marking  ] GC(1) Concurrent Cleanup for Next Mark
[0.208s][info][gc,start    ] GC(2) Pause Young (Normal) (G1 Humongous Allocation)
[0.209s][info][gc,task     ] GC(2) Using 6 workers of 8 for evacuation
[0.210s][info][gc,phases   ] GC(2)   Pre Evacuate Collection Set: 0.1ms
[0.210s][info][gc,phases   ] GC(2)   Merge Heap Roots: 0.0ms
[0.210s][info][gc,phases   ] GC(2)   Evacuate Collection Set: 0.6ms
[0.210s][info][gc,phases   ] GC(2)   Post Evacuate Collection Set: 0.2ms
[0.210s][info][gc,phases   ] GC(2)   Other: 0.2ms
[0.210s][info][gc,heap     ] GC(2) Eden regions: 0->0(31)
[0.210s][info][gc,heap     ] GC(2) Survivor regions: 1->1(3)
[0.210s][info][gc,heap     ] GC(2) Old regions: 0->0
[0.210s][info][gc,heap     ] GC(2) Archive regions: 0->0
[0.210s][info][gc,heap     ] GC(2) Humongous regions: 0->0
[0.210s][info][gc,metaspace] GC(2) Metaspace: 3823K(3968K)->3823K(3968K) NonClass: 3513K(3584K)->3513K(3584K) Class: 310K(384K)->310K(384K)
[0.210s][info][gc          ] GC(2) Pause Young (Normal) (G1 Humongous Allocation) 0M->0M(256M) 1.676ms
[0.210s][info][gc,cpu      ] GC(2) User=0.00s Sys=0.00s Real=0.00s
[0.210s][info][gc,ergo     ] Attempting full compaction
[0.210s][info][gc,task     ] GC(3) Using 1 workers of 8 for full compaction
[0.210s][info][gc,start    ] GC(3) Pause Full (G1 Compaction Pause)
[0.211s][info][gc,phases,start] GC(3) Phase 1: Mark live objects
[0.213s][info][gc,phases      ] GC(3) Phase 1: Mark live objects 1.411ms
[0.213s][info][gc,phases,start] GC(3) Phase 2: Prepare for compaction
[0.213s][info][gc,phases      ] GC(3) Phase 2: Prepare for compaction 0.605ms
[0.213s][info][gc,phases,start] GC(3) Phase 3: Adjust pointers
[0.214s][info][gc,phases      ] GC(3) Phase 3: Adjust pointers 0.706ms
[0.214s][info][gc,phases,start] GC(3) Phase 4: Compact heap
[0.215s][info][gc,phases      ] GC(3) Phase 4: Compact heap 0.810ms
[0.216s][info][gc,heap        ] GC(3) Eden regions: 0->0(31)
[0.216s][info][gc,heap        ] GC(3) Survivor regions: 1->0(3)
[0.217s][info][gc,heap        ] GC(3) Old regions: 0->1
[0.217s][info][gc,heap        ] GC(3) Archive regions: 0->0
[0.217s][info][gc,heap        ] GC(3) Humongous regions: 0->0
[0.217s][info][gc,metaspace   ] GC(3) Metaspace: 3823K(3968K)->3823K(3968K) NonClass: 3513K(3584K)->3513K(3584K) Class: 310K(384K)->310K(384K)
[0.217s][info][gc             ] GC(3) Pause Full (G1 Compaction Pause) 0M->0M(256M) 6.437ms
[0.217s][info][gc,cpu         ] GC(3) User=0.02s Sys=0.00s Real=0.01s
[0.217s][info][gc,ergo        ] Attempting maximum full compaction clearing soft references
[0.217s][info][gc,task        ] GC(4) Using 1 workers of 8 for full compaction
[0.217s][info][gc,start       ] GC(4) Pause Full (G1 Compaction Pause)
[0.217s][info][gc,phases,start] GC(4) Phase 1: Mark live objects
[0.219s][info][gc,phases      ] GC(4) Phase 1: Mark live objects 1.429ms
[0.219s][info][gc,phases,start] GC(4) Phase 2: Prepare for compaction
[0.219s][info][gc,phases      ] GC(4) Phase 2: Prepare for compaction 0.611ms
[0.219s][info][gc,phases,start] GC(4) Phase 3: Adjust pointers
[0.220s][info][gc,phases      ] GC(4) Phase 3: Adjust pointers 0.593ms
[0.220s][info][gc,phases,start] GC(4) Phase 4: Compact heap
[0.220s][info][gc,phases      ] GC(4) Phase 4: Compact heap 0.257ms
[0.221s][info][gc,heap        ] GC(4) Eden regions: 0->0(31)
[0.221s][info][gc,heap        ] GC(4) Survivor regions: 0->0(3)
[0.221s][info][gc,heap        ] GC(4) Old regions: 1->1
[0.221s][info][gc,heap        ] GC(4) Archive regions: 0->0
[0.221s][info][gc,heap        ] GC(4) Humongous regions: 0->0
[0.221s][info][gc,metaspace   ] GC(4) Metaspace: 3823K(3968K)->3823K(3968K) NonClass: 3513K(3584K)->3513K(3584K) Class: 310K(384K)->310K(384K)
[0.221s][info][gc             ] GC(4) Pause Full (G1 Compaction Pause) 0M->0M(256M) 3.791ms
[0.221s][info][gc,cpu         ] GC(4) User=0.00s Sys=0.00s Real=0.00s
[0.221s][info][gc,marking     ] GC(1) Concurrent Cleanup for Next Mark 12.645ms
[0.221s][info][gc,marking     ] GC(1) Concurrent Mark Abort
[0.221s][info][gc             ] GC(1) Concurrent Undo Cycle 12.867ms
[0.223s][info][gc,heap,exit   ] Heap
[0.223s][info][gc,heap,exit   ]  garbage-first heap   total 262144K, used 1327K [0x00000000f0000000, 0x0000000100000000)
[0.223s][info][gc,heap,exit   ]   region size 1024K, 1 young (1024K), 0 survivors (0K)
[0.223s][info][gc,heap,exit   ]  Metaspace       used 3853K, committed 4032K, reserved 1056768K
[0.223s][info][gc,heap,exit   ]   class space    used 314K, committed 384K, reserved 1048576K
