[0.054s][info][gc] Using G1
[0.059s][info][gc,init] Version: 17.0.5+8 (release)
[0.059s][info][gc,init] CPUs: 8 total, 8 available
[0.059s][info][gc,init] Memory: 16190M
[0.059s][info][gc,init] Large Page Support: Disabled
[0.059s][info][gc,init] NUMA Support: Disabled
[0.060s][info][gc,init] Compressed Oops: Enabled (32-bit)
[0.060s][info][gc,init] Heap Region Size: 1M
[0.060s][info][gc,init] Heap Min Capacity: 256M
[0.060s][info][gc,init] Heap Initial Capacity: 256M
[0.060s][info][gc,init] Heap Max Capacity: 512M
[0.060s][info][gc,init] Pre-touch: Disabled
[0.064s][info][gc,init] Parallel Workers: 8
[0.064s][info][gc,init] Concurrent Workers: 2
[0.064s][info][gc,init] Concurrent Refinement Workers: 8
[0.064s][info][gc,init] Periodic GC: Disabled
[0.064s][info][gc,metaspace] CDS archive(s) not mapped
[0.064s][info][gc,metaspace] Compressed class space mapped at: 0x0000000100000000-0x0000000140000000, reserved size: 1073741824
[0.064s][info][gc,metaspace] Narrow klass base: 0x0000000000000000, Narrow klass shift: 3, Narrow klass range: 0x140000000
[0.255s][info][gc,start    ] GC(0) Pause Young (Concurrent Start) (G1 Humongous Allocation)
[0.257s][info][gc,task     ] GC(0) Using 6 workers of 8 for evacuation
[0.259s][info][gc,phases   ] GC(0)   Pre Evacuate Collection Set: 0.2ms
[0.259s][info][gc,phases   ] GC(0)   Merge Heap Roots: 0.1ms
[0.259s][info][gc,phases   ] GC(0)   Evacuate Collection Set: 1.1ms
[0.259s][info][gc,phases   ] GC(0)   Post Evacuate Collection Set: 0.3ms
[0.259s][info][gc,phases   ] GC(0)   Other: 2.1ms
[0.259s][info][gc,heap     ] GC(0) Eden regions: 2->0(18)
[0.259s][info][gc,heap     ] GC(0) Survivor regions: 0->1(3)
[0.260s][info][gc,heap     ] GC(0) Old regions: 0->0
[0.260s][info][gc,heap     ] GC(0) Archive regions: 0->0
[0.260s][info][gc,heap     ] GC(0) Humongous regions: 0->0
[0.260s][info][gc,metaspace] GC(0) Metaspace: 3822K(3968K)->3822K(3968K) NonClass: 3512K(3584K)->3512K(3584K) Class: 310K(384K)->310K(384K)
[0.260s][info][gc          ] GC(0) Pause Young (Concurrent Start) (G1 Humongous Allocation) 1M->0M(256M) 4.385ms
[0.260s][info][gc,cpu      ] GC(0) User=0.00s Sys=0.00s Real=0.00s
[0.260s][info][gc          ] GC(1) Concurrent Undo Cycle
[0.260s][info][gc,marking  ] GC(1) Concurrent Cleanup for Next Mark
[0.260s][info][gc,start    ] GC(2) Pause Young (Normal) (G1 Humongous Allocation)
[0.260s][info][gc,task     ] GC(2) Using 6 workers of 8 for evacuation
[0.262s][info][gc,phases   ] GC(2)   Pre Evacuate Collection Set: 0.1ms
[0.262s][info][gc,phases   ] GC(2)   Merge Heap Roots: 0.1ms
[0.263s][info][gc,phases   ] GC(2)   Evacuate Collection Set: 0.6ms
[0.263s][info][gc,phases   ] GC(2)   Post Evacuate Collection Set: 1.5ms
[0.263s][info][gc,phases   ] GC(2)   Other: 0.2ms
[0.263s][info][gc,heap     ] GC(2) Eden regions: 0->0(31)
[0.263s][info][gc,heap     ] GC(2) Survivor regions: 1->1(3)
[0.263s][info][gc,heap     ] GC(2) Old regions: 0->0
[0.263s][info][gc,heap     ] GC(2) Archive regions: 0->0
[0.263s][info][gc,heap     ] GC(2) Humongous regions: 0->0
[0.263s][info][gc,metaspace] GC(2) Metaspace: 3822K(3968K)->3822K(3968K) NonClass: 3512K(3584K)->3512K(3584K) Class: 310K(384K)->310K(384K)
[0.263s][info][gc          ] GC(2) Pause Young (Normal) (G1 Humongous Allocation) 0M->0M(256M) 3.180ms
[0.263s][info][gc,cpu      ] GC(2) User=0.00s Sys=0.00s Real=0.00s
[0.266s][info][gc,ergo     ] Attempting full compaction
[0.266s][info][gc,task     ] GC(3) Using 1 workers of 8 for full compaction
[0.266s][info][gc,start    ] GC(3) Pause Full (G1 Compaction Pause)
[0.267s][info][gc,phases,start] GC(3) Phase 1: Mark live objects
[0.269s][info][gc,phases      ] GC(3) Phase 1: Mark live objects 1.804ms
[0.269s][info][gc,phases,start] GC(3) Phase 2: Prepare for compaction
[0.270s][info][gc,phases      ] GC(3) Phase 2: Prepare for compaction 1.149ms
[0.270s][info][gc,phases,start] GC(3) Phase 3: Adjust pointers
[0.271s][info][gc,phases      ] GC(3) Phase 3: Adjust pointers 0.607ms
[0.271s][info][gc,phases,start] GC(3) Phase 4: Compact heap
[0.272s][info][gc,phases      ] GC(3) Phase 4: Compact heap 0.787ms
[0.275s][info][gc,heap        ] GC(3) Eden regions: 0->0(31)
[0.275s][info][gc,heap        ] GC(3) Survivor regions: 1->0(3)
[0.275s][info][gc,heap        ] GC(3) Old regions: 0->1
[0.275s][info][gc,heap        ] GC(3) Archive regions: 0->0
[0.275s][info][gc,heap        ] GC(3) Humongous regions: 0->0
[0.275s][info][gc,metaspace   ] GC(3) Metaspace: 3822K(3968K)->3822K(3968K) NonClass: 3512K(3584K)->3512K(3584K) Class: 310K(384K)->310K(384K)
[0.275s][info][gc             ] GC(3) Pause Full (G1 Compaction Pause) 0M->0M(256M) 9.723ms
[0.276s][info][gc,cpu         ] GC(3) User=0.00s Sys=0.00s Real=0.01s
[0.276s][info][gc,marking     ] GC(1) Concurrent Cleanup for Next Mark 16.578ms
[0.277s][info][gc,marking     ] GC(1) Concurrent Mark Abort
[0.277s][info][gc             ] GC(1) Concurrent Undo Cycle 16.808ms
[0.530s][info][gc,heap,exit   ] Heap
[0.531s][info][gc,heap,exit   ]  garbage-first heap   total 524288K, used 392692K [0x00000000e0000000, 0x0000000100000000)
[0.531s][info][gc,heap,exit   ]   region size 1024K, 2 young (2048K), 0 survivors (0K)
[0.531s][info][gc,heap,exit   ]  Metaspace       used 3828K, committed 3968K, reserved 1056768K
[0.531s][info][gc,heap,exit   ]   class space    used 311K, committed 384K, reserved 1048576K
