[0.033s][info][gc] Using G1
[0.036s][info][gc,init] Version: 17.0.5+8 (release)
[0.036s][info][gc,init] CPUs: 8 total, 8 available
[0.036s][info][gc,init] Memory: 16190M
[0.036s][info][gc,init] Large Page Support: Disabled
[0.036s][info][gc,init] NUMA Support: Disabled
[0.036s][info][gc,init] Compressed Oops: Enabled (32-bit)
[0.036s][info][gc,init] Heap Region Size: 1M
[0.036s][info][gc,init] Heap Min Capacity: 64M
[0.036s][info][gc,init] Heap Initial Capacity: 64M
[0.036s][info][gc,init] Heap Max Capacity: 64M
[0.036s][info][gc,init] Pre-touch: Disabled
[0.037s][info][gc,init] Parallel Workers: 8
[0.037s][info][gc,init] Concurrent Workers: 2
[0.037s][info][gc,init] Concurrent Refinement Workers: 8
[0.037s][info][gc,init] Periodic GC: Disabled
[0.037s][info][gc,metaspace] CDS archive(s) not mapped
[0.037s][info][gc,metaspace] Compressed class space mapped at: 0x0000000100000000-0x0000000140000000, reserved size: 1073741824
[0.037s][info][gc,metaspace] Narrow klass base: 0x0000000000000000, Narrow klass shift: 3, Narrow klass range: 0x140000000
[0.192s][info][gc,start    ] GC(0) Pause Young (Concurrent Start) (G1 Humongous Allocation)
[0.192s][info][gc,task     ] GC(0) Using 2 workers of 8 for evacuation
[0.194s][info][gc,phases   ] GC(0)   Pre Evacuate Collection Set: 0.0ms
[0.195s][info][gc,phases   ] GC(0)   Merge Heap Roots: 0.0ms
[0.195s][info][gc,phases   ] GC(0)   Evacuate Collection Set: 1.6ms
[0.195s][info][gc,phases   ] GC(0)   Post Evacuate Collection Set: 0.2ms
[0.195s][info][gc,phases   ] GC(0)   Other: 0.6ms
[0.195s][info][gc,heap     ] GC(0) Eden regions: 2->0(17)
[0.195s][info][gc,heap     ] GC(0) Survivor regions: 0->1(3)
[0.195s][info][gc,heap     ] GC(0) Old regions: 0->0
[0.195s][info][gc,heap     ] GC(0) Archive regions: 0->0
[0.195s][info][gc,heap     ] GC(0) Humongous regions: 0->0
[0.195s][info][gc,metaspace] GC(0) Metaspace: 3825K(3968K)->3825K(3968K) NonClass: 3515K(3584K)->3515K(3584K) Class: 310K(384K)->310K(384K)
[0.195s][info][gc          ] GC(0) Pause Young (Concurrent Start) (G1 Humongous Allocation) 1M->0M(64M) 2.893ms
[0.195s][info][gc,cpu      ] GC(0) User=0.00s Sys=0.00s Real=0.00s
[0.195s][info][gc          ] GC(1) Concurrent Undo Cycle
[0.195s][info][gc,marking  ] GC(1) Concurrent Cleanup for Next Mark
[0.195s][info][gc,start    ] GC(2) Pause Young (Normal) (G1 Humongous Allocation)
[0.195s][info][gc,task     ] GC(2) Using 2 workers of 8 for evacuation
[0.196s][info][gc,phases   ] GC(2)   Pre Evacuate Collection Set: 0.0ms
[0.196s][info][gc,phases   ] GC(2)   Merge Heap Roots: 0.0ms
[0.196s][info][gc,phases   ] GC(2)   Evacuate Collection Set: 0.8ms
[0.196s][info][gc,phases   ] GC(2)   Post Evacuate Collection Set: 0.2ms
[0.196s][info][gc,phases   ] GC(2)   Other: 0.2ms
[0.196s][info][gc,heap     ] GC(2) Eden regions: 0->0(20)
[0.196s][info][gc,heap     ] GC(2) Survivor regions: 1->1(3)
[0.196s][info][gc,heap     ] GC(2) Old regions: 0->0
[0.197s][info][gc,heap     ] GC(2) Archive regions: 0->0
[0.197s][info][gc,heap     ] GC(2) Humongous regions: 0->0
[0.197s][info][gc,metaspace] GC(2) Metaspace: 3825K(3968K)->3825K(3968K) NonClass: 3515K(3584K)->3515K(3584K) Class: 310K(384K)->310K(384K)
[0.197s][info][gc          ] GC(2) Pause Young (Normal) (G1 Humongous Allocation) 0M->0M(64M) 1.506ms
[0.197s][info][gc,cpu      ] GC(2) User=0.00s Sys=0.00s Real=0.00s
[0.197s][info][gc,ergo     ] Attempting full compaction
[0.197s][info][gc,task     ] GC(3) Using 1 workers of 8 for full compaction
[0.197s][info][gc,start    ] GC(3) Pause Full (G1 Compaction Pause)
[0.197s][info][gc,phases,start] GC(3) Phase 1: Mark live objects
[0.199s][info][gc,phases      ] GC(3) Phase 1: Mark live objects 1.163ms
[0.199s][info][gc,phases,start] GC(3) Phase 2: Prepare for compaction
[0.199s][info][gc,phases      ] GC(3) Phase 2: Prepare for compaction 0.313ms
[0.199s][info][gc,phases,start] GC(3) Phase 3: Adjust pointers
[0.199s][info][gc,phases      ] GC(3) Phase 3: Adjust pointers 0.510ms
[0.199s][info][gc,phases,start] GC(3) Phase 4: Compact heap
[0.200s][info][gc,phases      ] GC(3) Phase 4: Compact heap 0.444ms
[0.201s][info][gc,heap        ] GC(3) Eden regions: 0->0(20)
[0.201s][info][gc,heap        ] GC(3) Survivor regions: 1->0(3)
[0.201s][info][gc,heap        ] GC(3) Old regions: 0->1
[0.201s][info][gc,heap        ] GC(3) Archive regions: 0->0
[0.201s][info][gc,heap        ] GC(3) Humongous regions: 0->0
[0.201s][info][gc,metaspace   ] GC(3) Metaspace: 3825K(3968K)->3825K(3968K) NonClass: 3515K(3584K)->3515K(3584K) Class: 310K(384K)->310K(384K)
[0.201s][info][gc             ] GC(3) Pause Full (G1 Compaction Pause) 0M->0M(64M) 3.956ms
[0.201s][info][gc,cpu         ] GC(3) User=0.00s Sys=0.00s Real=0.00s
[0.201s][info][gc,ergo        ] Attempting maximum full compaction clearing soft references
[0.201s][info][gc,task        ] GC(4) Using 1 workers of 8 for full compaction
[0.201s][info][gc,start       ] GC(4) Pause Full (G1 Compaction Pause)
[0.201s][info][gc,phases,start] GC(4) Phase 1: Mark live objects
[0.202s][info][gc,phases      ] GC(4) Phase 1: Mark live objects 1.032ms
[0.202s][info][gc,phases,start] GC(4) Phase 2: Prepare for compaction
[0.202s][info][gc,phases      ] GC(4) Phase 2: Prepare for compaction 0.242ms
[0.202s][info][gc,phases,start] GC(4) Phase 3: Adjust pointers
[0.203s][info][gc,phases      ] GC(4) Phase 3: Adjust pointers 0.444ms
[0.203s][info][gc,phases,start] GC(4) Phase 4: Compact heap
[0.203s][info][gc,phases      ] GC(4) Phase 4: Compact heap 0.200ms
[0.203s][info][gc,heap        ] GC(4) Eden regions: 0->0(20)
[0.203s][info][gc,heap        ] GC(4) Survivor regions: 0->0(3)
[0.203s][info][gc,heap        ] GC(4) Old regions: 1->1
[0.203s][info][gc,heap        ] GC(4) Archive regions: 0->0
[0.203s][info][gc,heap        ] GC(4) Humongous regions: 0->0
[0.203s][info][gc,metaspace   ] GC(4) Metaspace: 3825K(3968K)->3825K(3968K) NonClass: 3515K(3584K)->3515K(3584K) Class: 310K(384K)->310K(384K)
[0.203s][info][gc             ] GC(4) Pause Full (G1 Compaction Pause) 0M->0M(64M) 2.451ms
[0.203s][info][gc,cpu         ] GC(4) User=0.00s Sys=0.00s Real=0.00s
[0.204s][info][gc,marking     ] GC(1) Concurrent Cleanup for Next Mark 8.445ms
[0.204s][info][gc,marking     ] GC(1) Concurrent Mark Abort
[0.204s][info][gc             ] GC(1) Concurrent Undo Cycle 8.667ms
[0.205s][info][gc,heap,exit   ] Heap
[0.205s][info][gc,heap,exit   ]  garbage-first heap   total 65536K, used 1112K [0x00000000fc000000, 0x0000000100000000)
[0.206s][info][gc,heap,exit   ]   region size 1024K, 1 young (1024K), 0 survivors (0K)
[0.206s][info][gc,heap,exit   ]  Metaspace       used 3854K, committed 4032K, reserved 1056768K
[0.206s][info][gc,heap,exit   ]   class space    used 314K, committed 384K, reserved 1048576K
