[0.024s][info][gc] Using G1
[0.025s][info][gc,init] Version: 17.0.5+8 (release)
[0.025s][info][gc,init] CPUs: 8 total, 8 available
[0.025s][info][gc,init] Memory: 16190M
[0.025s][info][gc,init] Large Page Support: Disabled
[0.025s][info][gc,init] NUMA Support: Disabled
[0.025s][info][gc,init] Compressed Oops: Enabled (32-bit)
[0.025s][info][gc,init] Heap Region Size: 1M
[0.025s][info][gc,init] Heap Min Capacity: 16M
[0.025s][info][gc,init] Heap Initial Capacity: 16M
[0.025s][info][gc,init] Heap Max Capacity: 256M
[0.025s][info][gc,init] Pre-touch: Disabled
[0.028s][info][gc,init] Parallel Workers: 8
[0.028s][info][gc,init] Concurrent Workers: 2
[0.028s][info][gc,init] Concurrent Refinement Workers: 8
[0.028s][info][gc,init] Periodic GC: Disabled
[0.028s][info][gc,metaspace] CDS archive(s) not mapped
[0.028s][info][gc,metaspace] Compressed class space mapped at: 0x0000000100000000-0x0000000140000000, reserved size: 1073741824
[0.028s][info][gc,metaspace] Narrow klass base: 0x0000000000000000, Narrow klass shift: 3, Narrow klass range: 0x140000000
[0.125s][info][gc,start    ] GC(0) Pause Young (Concurrent Start) (G1 Humongous Allocation)
[0.125s][info][gc,task     ] GC(0) Using 2 workers of 8 for evacuation
[0.127s][info][gc,phases   ] GC(0)   Pre Evacuate Collection Set: 0.0ms
[0.127s][info][gc,phases   ] GC(0)   Merge Heap Roots: 0.0ms
[0.127s][info][gc,phases   ] GC(0)   Evacuate Collection Set: 0.8ms
[0.127s][info][gc,phases   ] GC(0)   Post Evacuate Collection Set: 0.3ms
[0.127s][info][gc,phases   ] GC(0)   Other: 0.5ms
[0.127s][info][gc,heap     ] GC(0) Eden regions: 1->0(4)
[0.127s][info][gc,heap     ] GC(0) Survivor regions: 0->1(1)
[0.127s][info][gc,heap     ] GC(0) Old regions: 0->0
[0.127s][info][gc,heap     ] GC(0) Archive regions: 0->0
[0.127s][info][gc,heap     ] GC(0) Humongous regions: 0->0
[0.127s][info][gc,metaspace] GC(0) Metaspace: 3822K(3968K)->3822K(3968K) NonClass: 3512K(3584K)->3512K(3584K) Class: 310K(384K)->310K(384K)
[0.127s][info][gc          ] GC(0) Pause Young (Concurrent Start) (G1 Humongous Allocation) 0M->0M(16M) 1.985ms
[0.127s][info][gc,cpu      ] GC(0) User=0.00s Sys=0.00s Real=0.00s
[0.127s][info][gc          ] GC(1) Concurrent Undo Cycle
[0.127s][info][gc,marking  ] GC(1) Concurrent Cleanup for Next Mark
[0.127s][info][gc,start    ] GC(2) Pause Young (Normal) (G1 Humongous Allocation)
[0.127s][info][gc,task     ] GC(2) Using 2 workers of 8 for evacuation
[0.129s][info][gc,phases   ] GC(2)   Pre Evacuate Collection Set: 0.1ms
[0.129s][info][gc,phases   ] GC(2)   Merge Heap Roots: 0.1ms
[0.129s][info][gc,phases   ] GC(2)   Evacuate Collection Set: 0.6ms
[0.129s][info][gc,phases   ] GC(2)   Post Evacuate Collection Set: 0.4ms
[0.129s][info][gc,phases   ] GC(2)   Other: 0.1ms
[0.129s][info][gc,heap     ] GC(2) Eden regions: 0->0(4)
[0.129s][info][gc,heap     ] GC(2) Survivor regions: 1->1(1)
[0.129s][info][gc,heap     ] GC(2) Old regions: 0->0
[0.129s][info][gc,heap     ] GC(2) Archive regions: 0->0
[0.129s][info][gc,heap     ] GC(2) Humongous regions: 0->0
[0.129s][info][gc,metaspace] GC(2) Metaspace: 3822K(3968K)->3822K(3968K) NonClass: 3512K(3584K)->3512K(3584K) Class: 310K(384K)->310K(384K)
[0.129s][info][gc          ] GC(2) Pause Young (Normal) (G1 Humongous Allocation) 0M->0M(16M) 1.501ms
[0.129s][info][gc,cpu      ] GC(2) User=0.00s Sys=0.00s Real=0.00s
[0.130s][info][gc,ergo     ] Attempting full compaction
[0.130s][info][gc,task     ] GC(3) Using 1 workers of 8 for full compaction
[0.130s][info][gc,start    ] GC(3) Pause Full (G1 Compaction Pause)
[0.132s][info][gc,phases,start] GC(3) Phase 1: Mark live objects
[0.133s][info][gc,phases      ] GC(3) Phase 1: Mark live objects 1.582ms
[0.133s][info][gc,phases,start] GC(3) Phase 2: Prepare for compaction
[0.134s][info][gc,phases      ] GC(3) Phase 2: Prepare for compaction 0.568ms
[0.134s][info][gc,phases,start] GC(3) Phase 3: Adjust pointers
[0.135s][info][gc,phases      ] GC(3) Phase 3: Adjust pointers 0.725ms
[0.135s][info][gc,phases,start] GC(3) Phase 4: Compact heap
[0.135s][info][gc,phases      ] GC(3) Phase 4: Compact heap 0.576ms
[0.137s][info][gc,heap        ] GC(3) Eden regions: 0->0(4)
[0.137s][info][gc,heap        ] GC(3) Survivor regions: 1->0(1)
[0.137s][info][gc,heap        ] GC(3) Old regions: 0->1
[0.137s][info][gc,heap        ] GC(3) Archive regions: 0->0
[0.137s][info][gc,heap        ] GC(3) Humongous regions: 0->0
[0.137s][info][gc,metaspace   ] GC(3) Metaspace: 3822K(3968K)->3822K(3968K) NonClass: 3512K(3584K)->3512K(3584K) Class: 310K(384K)->310K(384K)
[0.137s][info][gc             ] GC(3) Pause Full (G1 Compaction Pause) 0M->0M(16M) 6.508ms
[0.137s][info][gc,cpu         ] GC(3) User=0.00s Sys=0.00s Real=0.01s
[0.138s][info][gc,ergo        ] Attempting maximum full compaction clearing soft references
[0.139s][info][gc,task        ] GC(4) Using 1 workers of 8 for full compaction
[0.139s][info][gc,start       ] GC(4) Pause Full (G1 Compaction Pause)
[0.139s][info][gc,phases,start] GC(4) Phase 1: Mark live objects
[0.140s][info][gc,phases      ] GC(4) Phase 1: Mark live objects 1.242ms
[0.140s][info][gc,phases,start] GC(4) Phase 2: Prepare for compaction
[0.140s][info][gc,phases      ] GC(4) Phase 2: Prepare for compaction 0.359ms
[0.140s][info][gc,phases,start] GC(4) Phase 3: Adjust pointers
[0.141s][info][gc,phases      ] GC(4) Phase 3: Adjust pointers 0.485ms
[0.141s][info][gc,phases,start] GC(4) Phase 4: Compact heap
[0.141s][info][gc,phases      ] GC(4) Phase 4: Compact heap 0.225ms
[0.142s][info][gc,heap        ] GC(4) Eden regions: 0->0(4)
[0.142s][info][gc,heap        ] GC(4) Survivor regions: 0->0(1)
[0.142s][info][gc,heap        ] GC(4) Old regions: 1->1
[0.142s][info][gc,heap        ] GC(4) Archive regions: 0->0
[0.142s][info][gc,heap        ] GC(4) Humongous regions: 0->0
[0.142s][info][gc,metaspace   ] GC(4) Metaspace: 3822K(3968K)->3822K(3968K) NonClass: 3512K(3584K)->3512K(3584K) Class: 310K(384K)->310K(384K)
[0.142s][info][gc             ] GC(4) Pause Full (G1 Compaction Pause) 0M->0M(16M) 3.044ms
[0.142s][info][gc,cpu         ] GC(4) User=0.00s Sys=0.00s Real=0.00s
[0.142s][info][gc,marking     ] GC(1) Concurrent Cleanup for Next Mark 15.232ms
[0.143s][info][gc,marking     ] GC(1) Concurrent Mark Abort
[0.143s][info][gc             ] GC(1) Concurrent Undo Cycle 15.441ms
[0.144s][info][gc,heap,exit   ] Heap
[0.144s][info][gc,heap,exit   ]  garbage-first heap   total 262144K, used 620K [0x00000000f0000000, 0x0000000100000000)
[0.144s][info][gc,heap,exit   ]   region size 1024K, 1 young (1024K), 0 survivors (0K)
[0.144s][info][gc,heap,exit   ]  Metaspace       used 3851K, committed 4032K, reserved 1056768K
[0.144s][info][gc,heap,exit   ]   class space    used 314K, committed 384K, reserved 1048576K
