[0.031s][info][gc] Using G1
[0.035s][info][gc,init] Version: 17.0.5+8 (release)
[0.035s][info][gc,init] CPUs: 8 total, 8 available
[0.035s][info][gc,init] Memory: 16190M
[0.035s][info][gc,init] Large Page Support: Disabled
[0.035s][info][gc,init] NUMA Support: Disabled
[0.035s][info][gc,init] Compressed Oops: Enabled (Zero based)
[0.035s][info][gc,init] Heap Region Size: 2M
[0.035s][info][gc,init] Heap Min Capacity: 22M
[0.035s][info][gc,init] Heap Initial Capacity: 254M
[0.035s][info][gc,init] Heap Max Capacity: 4048M
[0.035s][info][gc,init] Pre-touch: Disabled
[0.036s][info][gc,init] Parallel Workers: 8
[0.036s][info][gc,init] Concurrent Workers: 2
[0.036s][info][gc,init] Concurrent Refinement Workers: 8
[0.036s][info][gc,init] Periodic GC: Disabled
[0.036s][info][gc,metaspace] CDS archive(s) not mapped
[0.036s][info][gc,metaspace] Compressed class space mapped at: 0x0000000800000000-0x0000000840000000, reserved size: 1073741824
[0.036s][info][gc,metaspace] Narrow klass base: 0x0000000800000000, Narrow klass shift: 0, Narrow klass range: 0x40000000
[0.222s][info][gc,start    ] GC(0) Pause Young (Normal) (G1 Evacuation Pause)
[0.223s][info][gc,task     ] GC(0) Using 6 workers of 8 for evacuation
[0.225s][info][gc,phases   ] GC(0)   Pre Evacuate Collection Set: 0.1ms
[0.225s][info][gc,phases   ] GC(0)   Merge Heap Roots: 0.1ms
[0.225s][info][gc,phases   ] GC(0)   Evacuate Collection Set: 0.7ms
[0.225s][info][gc,phases   ] GC(0)   Post Evacuate Collection Set: 0.3ms
[0.225s][info][gc,phases   ] GC(0)   Other: 1.4ms
[0.225s][info][gc,heap     ] GC(0) Eden regions: 8->0(7)
[0.225s][info][gc,heap     ] GC(0) Survivor regions: 0->1(1)
[0.225s][info][gc,heap     ] GC(0) Old regions: 0->0
[0.225s][info][gc,heap     ] GC(0) Archive regions: 0->0
[0.225s][info][gc,heap     ] GC(0) Humongous regions: 0->0
[0.225s][info][gc,metaspace] GC(0) Metaspace: 3828K(3968K)->3828K(3968K) NonClass: 3517K(3584K)->3517K(3584K) Class: 310K(384K)->310K(384K)
[0.225s][info][gc          ] GC(0) Pause Young (Normal) (G1 Evacuation Pause) 16M->0M(254M) 3.066ms
[0.225s][info][gc,cpu      ] GC(0) User=0.00s Sys=0.02s Real=0.00s
[0.230s][info][gc,start    ] GC(1) Pause Young (Normal) (G1 Evacuation Pause)
[0.230s][info][gc,task     ] GC(1) Using 6 workers of 8 for evacuation
[0.231s][info][gc,phases   ] GC(1)   Pre Evacuate Collection Set: 0.1ms
[0.231s][info][gc,phases   ] GC(1)   Merge Heap Roots: 0.0ms
[0.231s][info][gc,phases   ] GC(1)   Evacuate Collection Set: 0.5ms
[0.232s][info][gc,phases   ] GC(1)   Post Evacuate Collection Set: 0.2ms
[0.232s][info][gc,phases   ] GC(1)   Other: 0.2ms
[0.232s][info][gc,heap     ] GC(1) Eden regions: 7->0(7)
[0.232s][info][gc,heap     ] GC(1) Survivor regions: 1->1(1)
[0.232s][info][gc,heap     ] GC(1) Old regions: 0->0
[0.232s][info][gc,heap     ] GC(1) Archive regions: 0->0
[0.232s][info][gc,heap     ] GC(1) Humongous regions: 0->0
[0.232s][info][gc,metaspace] GC(1) Metaspace: 3828K(3968K)->3828K(3968K) NonClass: 3517K(3584K)->3517K(3584K) Class: 310K(384K)->310K(384K)
[0.232s][info][gc          ] GC(1) Pause Young (Normal) (G1 Evacuation Pause) 14M->0M(254M) 1.568ms
[0.232s][info][gc,cpu      ] GC(1) User=0.00s Sys=0.00s Real=0.00s
[0.236s][info][gc,start    ] GC(2) Pause Young (Normal) (G1 Evacuation Pause)
[0.236s][info][gc,task     ] GC(2) Using 6 workers of 8 for evacuation
[0.237s][info][gc,phases   ] GC(2)   Pre Evacuate Collection Set: 0.1ms
[0.237s][info][gc,phases   ] GC(2)   Merge Heap Roots: 0.0ms
[0.237s][info][gc,phases   ] GC(2)   Evacuate Collection Set: 0.5ms
[0.237s][info][gc,phases   ] GC(2)   Post Evacuate Collection Set: 0.2ms
[0.237s][info][gc,phases   ] GC(2)   Other: 0.2ms
[0.237s][info][gc,heap     ] GC(2) Eden regions: 7->0(7)
[0.237s][info][gc,heap     ] GC(2) Survivor regions: 1->1(1)
[0.237s][info][gc,heap     ] GC(2) Old regions: 0->0
[0.237s][info][gc,heap     ] GC(2) Archive regions: 0->0
[0.237s][info][gc,heap     ] GC(2) Humongous regions: 0->0
[0.237s][info][gc,metaspace] GC(2) Metaspace: 3828K(3968K)->3828K(3968K) NonClass: 3517K(3584K)->3517K(3584K) Class: 310K(384K)->310K(384K)
[0.237s][info][gc          ] GC(2) Pause Young (Normal) (G1 Evacuation Pause) 14M->0M(254M) 1.706ms
[0.238s][info][gc,cpu      ] GC(2) User=0.00s Sys=0.02s Real=0.00s
[0.241s][info][gc,start    ] GC(3) Pause Young (Normal) (G1 Evacuation Pause)
[0.241s][info][gc,task     ] GC(3) Using 6 workers of 8 for evacuation
[0.242s][info][gc,phases   ] GC(3)   Pre Evacuate Collection Set: 0.1ms
[0.243s][info][gc,phases   ] GC(3)   Merge Heap Roots: 0.0ms
[0.243s][info][gc,phases   ] GC(3)   Evacuate Collection Set: 0.5ms
[0.243s][info][gc,phases   ] GC(3)   Post Evacuate Collection Set: 0.2ms
[0.243s][info][gc,phases   ] GC(3)   Other: 0.2ms
[0.243s][info][gc,heap     ] GC(3) Eden regions: 7->0(7)
[0.243s][info][gc,heap     ] GC(3) Survivor regions: 1->1(1)
[0.243s][info][gc,heap     ] GC(3) Old regions: 0->0
[0.243s][info][gc,heap     ] GC(3) Archive regions: 0->0
[0.243s][info][gc,heap     ] GC(3) Humongous regions: 0->0
[0.243s][info][gc,metaspace] GC(3) Metaspace: 3828K(3968K)->3828K(3968K) NonClass: 3517K(3584K)->3517K(3584K) Class: 310K(384K)->310K(384K)
[0.243s][info][gc          ] GC(3) Pause Young (Normal) (G1 Evacuation Pause) 14M->0M(254M) 1.639ms
[0.243s][info][gc,cpu      ] GC(3) User=0.00s Sys=0.00s Real=0.00s
[0.246s][info][gc,start    ] GC(4) Pause Young (Normal) (G1 Evacuation Pause)
[0.247s][info][gc,task     ] GC(4) Using 6 workers of 8 for evacuation
[0.248s][info][gc,phases   ] GC(4)   Pre Evacuate Collection Set: 0.1ms
[0.248s][info][gc,phases   ] GC(4)   Merge Heap Roots: 0.1ms
[0.248s][info][gc,phases   ] GC(4)   Evacuate Collection Set: 0.8ms
[0.248s][info][gc,phases   ] GC(4)   Post Evacuate Collection Set: 0.2ms
[0.248s][info][gc,phases   ] GC(4)   Other: 0.3ms
[0.248s][info][gc,heap     ] GC(4) Eden regions: 7->0(7)
[0.248s][info][gc,heap     ] GC(4) Survivor regions: 1->1(1)
[0.248s][info][gc,heap     ] GC(4) Old regions: 0->0
[0.248s][info][gc,heap     ] GC(4) Archive regions: 0->0
[0.248s][info][gc,heap     ] GC(4) Humongous regions: 0->0
[0.248s][info][gc,metaspace] GC(4) Metaspace: 3829K(3968K)->3829K(3968K) NonClass: 3518K(3584K)->3518K(3584K) Class: 310K(384K)->310K(384K)
[0.248s][info][gc          ] GC(4) Pause Young (Normal) (G1 Evacuation Pause) 14M->0M(254M) 1.886ms
[0.248s][info][gc,cpu      ] GC(4) User=0.00s Sys=0.00s Real=0.00s
[0.251s][info][gc,start    ] GC(5) Pause Young (Normal) (G1 Evacuation Pause)
[0.251s][info][gc,task     ] GC(5) Using 6 workers of 8 for evacuation
[0.254s][info][gc,phases   ] GC(5)   Pre Evacuate Collection Set: 0.0ms
[0.254s][info][gc,phases   ] GC(5)   Merge Heap Roots: 0.0ms
[0.254s][info][gc,phases   ] GC(5)   Evacuate Collection Set: 0.5ms
[0.254s][info][gc,phases   ] GC(5)   Post Evacuate Collection Set: 2.8ms
[0.255s][info][gc,phases   ] GC(5)   Other: 0.2ms
[0.255s][info][gc,heap     ] GC(5) Eden regions: 7->0(7)
[0.255s][info][gc,heap     ] GC(5) Survivor regions: 1->1(1)
[0.255s][info][gc,heap     ] GC(5) Old regions: 0->0
[0.255s][info][gc,heap     ] GC(5) Archive regions: 0->0
[0.255s][info][gc,heap     ] GC(5) Humongous regions: 0->0
[0.255s][info][gc,metaspace] GC(5) Metaspace: 3829K(3968K)->3829K(3968K) NonClass: 3518K(3584K)->3518K(3584K) Class: 310K(384K)->310K(384K)
[0.255s][info][gc          ] GC(5) Pause Young (Normal) (G1 Evacuation Pause) 14M->0M(578M) 4.098ms
[0.255s][info][gc,cpu      ] GC(5) User=0.00s Sys=0.02s Real=0.00s
[0.262s][info][gc,start    ] GC(6) Pause Young (Normal) (G1 Evacuation Pause)
[0.263s][info][gc,task     ] GC(6) Using 8 workers of 8 for evacuation
[0.264s][info][gc,phases   ] GC(6)   Pre Evacuate Collection Set: 0.1ms
[0.264s][info][gc,phases   ] GC(6)   Merge Heap Roots: 0.1ms
[0.264s][info][gc,phases   ] GC(6)   Evacuate Collection Set: 0.5ms
[0.264s][info][gc,phases   ] GC(6)   Post Evacuate Collection Set: 0.2ms
[0.264s][info][gc,phases   ] GC(6)   Other: 0.6ms
[0.264s][info][gc,heap     ] GC(6) Eden regions: 7->0(7)
[0.264s][info][gc,heap     ] GC(6) Survivor regions: 1->1(1)
[0.264s][info][gc,heap     ] GC(6) Old regions: 0->0
[0.264s][info][gc,heap     ] GC(6) Archive regions: 0->0
[0.264s][info][gc,heap     ] GC(6) Humongous regions: 0->0
[0.264s][info][gc,metaspace] GC(6) Metaspace: 3829K(3968K)->3829K(3968K) NonClass: 3518K(3584K)->3518K(3584K) Class: 310K(384K)->310K(384K)
[0.264s][info][gc          ] GC(6) Pause Young (Normal) (G1 Evacuation Pause) 14M->0M(578M) 2.028ms
[0.265s][info][gc,cpu      ] GC(6) User=0.00s Sys=0.00s Real=0.00s
[0.266s][info][gc,heap,exit] Heap
[0.266s][info][gc,heap,exit]  garbage-first heap   total 591872K, used 1985K [0x0000000703000000, 0x0000000800000000)
[0.266s][info][gc,heap,exit]   region size 2048K, 2 young (4096K), 1 survivors (2048K)
[0.266s][info][gc,heap,exit]  Metaspace       used 3835K, committed 4032K, reserved 1056768K
[0.266s][info][gc,heap,exit]   class space    used 311K, committed 384K, reserved 1048576K
