[0.046s][info][gc] Using G1
[0.051s][info][gc,init] Version: 17.0.5+8 (release)
[0.052s][info][gc,init] CPUs: 8 total, 8 available
[0.052s][info][gc,init] Memory: 16190M
[0.052s][info][gc,init] Large Page Support: Disabled
[0.052s][info][gc,init] NUMA Support: Disabled
[0.052s][info][gc,init] Compressed Oops: Enabled (Zero based)
[0.052s][info][gc,init] Heap Region Size: 2M
[0.052s][info][gc,init] Heap Min Capacity: 262M
[0.052s][info][gc,init] Heap Initial Capacity: 262M
[0.052s][info][gc,init] Heap Max Capacity: 4048M
[0.052s][info][gc,init] Pre-touch: Disabled
[0.053s][info][gc,init] Parallel Workers: 8
[0.053s][info][gc,init] Concurrent Workers: 2
[0.053s][info][gc,init] Concurrent Refinement Workers: 8
[0.053s][info][gc,init] Periodic GC: Disabled
[0.053s][info][gc,metaspace] CDS archive(s) not mapped
[0.053s][info][gc,metaspace] Compressed class space mapped at: 0x0000000800000000-0x0000000840000000, reserved size: 1073741824
[0.053s][info][gc,metaspace] Narrow klass base: 0x0000000800000000, Narrow klass shift: 0, Narrow klass range: 0x40000000
[0.295s][info][gc,heap,exit] Heap
[0.296s][info][gc,heap,exit]  garbage-first heap   total 268288K, used 104448K [0x0000000703000000, 0x0000000800000000)
[0.296s][info][gc,heap,exit]   region size 2048K, 51 young (104448K), 0 survivors (0K)
[0.296s][info][gc,heap,exit]  Metaspace       used 3832K, committed 3968K, reserved 1056768K
[0.296s][info][gc,heap,exit]   class space    used 311K, committed 384K, reserved 1048576K
