[0.029s][info][gc] Using G1
[0.032s][info][gc,init] Version: 17.0.5+8 (release)
[0.033s][info][gc,init] CPUs: 8 total, 8 available
[0.033s][info][gc,init] Memory: 16190M
[0.033s][info][gc,init] Large Page Support: Disabled
[0.033s][info][gc,init] NUMA Support: Disabled
[0.033s][info][gc,init] Compressed Oops: Enabled (Zero based)
[0.033s][info][gc,init] Heap Region Size: 2M
[0.033s][info][gc,init] Heap Min Capacity: 70M
[0.033s][info][gc,init] Heap Initial Capacity: 254M
[0.033s][info][gc,init] Heap Max Capacity: 4048M
[0.033s][info][gc,init] Pre-touch: Disabled
[0.033s][info][gc,init] Parallel Workers: 8
[0.033s][info][gc,init] Concurrent Workers: 2
[0.033s][info][gc,init] Concurrent Refinement Workers: 8
[0.033s][info][gc,init] Periodic GC: Disabled
[0.034s][info][gc,metaspace] CDS archive(s) not mapped
[0.034s][info][gc,metaspace] Compressed class space mapped at: 0x0000000800000000-0x0000000840000000, reserved size: 1073741824
[0.034s][info][gc,metaspace] Narrow klass base: 0x0000000800000000, Narrow klass shift: 0, Narrow klass range: 0x40000000
[0.209s][info][gc,start    ] GC(0) Pause Young (Normal) (G1 Evacuation Pause)
[0.210s][info][gc,task     ] GC(0) Using 6 workers of 8 for evacuation
[0.211s][info][gc,phases   ] GC(0)   Pre Evacuate Collection Set: 0.1ms
[0.211s][info][gc,phases   ] GC(0)   Merge Heap Roots: 0.1ms
[0.211s][info][gc,phases   ] GC(0)   Evacuate Collection Set: 0.6ms
[0.211s][info][gc,phases   ] GC(0)   Post Evacuate Collection Set: 0.2ms
[0.211s][info][gc,phases   ] GC(0)   Other: 1.2ms
[0.211s][info][gc,heap     ] GC(0) Eden regions: 32->0(31)
[0.211s][info][gc,heap     ] GC(0) Survivor regions: 0->1(4)
[0.211s][info][gc,heap     ] GC(0) Old regions: 0->0
[0.211s][info][gc,heap     ] GC(0) Archive regions: 0->0
[0.211s][info][gc,heap     ] GC(0) Humongous regions: 0->0
[0.212s][info][gc,metaspace] GC(0) Metaspace: 3824K(3968K)->3824K(3968K) NonClass: 3514K(3584K)->3514K(3584K) Class: 310K(384K)->310K(384K)
[0.212s][info][gc          ] GC(0) Pause Young (Normal) (G1 Evacuation Pause) 64M->0M(254M) 2.815ms
[0.212s][info][gc,cpu      ] GC(0) User=0.02s Sys=0.00s Real=0.00s
[0.220s][info][gc,heap,exit] Heap
[0.220s][info][gc,heap,exit]  garbage-first heap   total 260096K, used 39165K [0x0000000703000000, 0x0000000800000000)
[0.220s][info][gc,heap,exit]   region size 2048K, 20 young (40960K), 1 survivors (2048K)
[0.220s][info][gc,heap,exit]  Metaspace       used 3830K, committed 3968K, reserved 1056768K
[0.220s][info][gc,heap,exit]   class space    used 311K, committed 384K, reserved 1048576K
